// Jest Snapshot v1, https://goo.gl/fbAQLP

exports[`Visual Tests of Home Component should render Home component correctly 1`] = `
<div
  className="loading"
>
  <div
    className="content-spinner"
  >
    <img
      alt="Loading spinner"
      src="Spin-1s-200px.svg"
    />
    <h2
      className="text"
    >
      Loading
    </h2>
  </div>
</div>
`;
