// Jest Snapshot v1, https://goo.gl/fbAQLP

exports[`Testing App Component should render App component correctly 1`] = `
<Provider
  store={
    Object {
      "@@observable": [Function],
      "dispatch": [Function],
      "getState": [Function],
      "replaceReducer": [Function],
      "subscribe": [Function],
    }
  }
>
  <div
    className="App"
  >
    <AuthProvider>
      <ExperiencePoints />
      <BrowserRouter>
        <div
          className="main"
        >
          <Routes
            setNavVisibility={[Function]}
          />
        </div>
      </BrowserRouter>
    </AuthProvider>
  </div>
  <ConfirmationPropmt />
</Provider>
`;
