// Jest Snapshot v1, https://goo.gl/fbAQLP

exports[`Testing ExperiencePoints component should render an ExperiencePoints component correctly 1`] = `
Object {
  "asFragment": [Function],
  "baseElement": <body>
    <div>
      <div
        class="bg-experience-points-window"
      >
        <div
          class="experience-points-window"
        >
          <div
            class="content-avatar"
          >
            <img
              alt="avatar"
              class="avatar"
              src="https://cdn-icons-png.flaticon.com/128/616/616412.png"
            />
          </div>
          <h2
            class="level-title"
          >
            Level Up
          </h2>
          <div
            class="transition-level"
          >
            <p
              class="prev-level"
            >
              0
            </p>
            <i
              class="fas fa-chevron-right icon"
            />
            <p
              class="actual-level"
            >
              0
            </p>
          </div>
          <div
            class="button-content"
          >
            <button
              class="sc-bdnxRM gKMDmj"
              type="submit"
            >
              Keep working hard
            </button>
          </div>
        </div>
      </div>
    </div>
  </body>,
  "container": <div>
    <div
      class="bg-experience-points-window"
    >
      <div
        class="experience-points-window"
      >
        <div
          class="content-avatar"
        >
          <img
            alt="avatar"
            class="avatar"
            src="https://cdn-icons-png.flaticon.com/128/616/616412.png"
          />
        </div>
        <h2
          class="level-title"
        >
          Level Up
        </h2>
        <div
          class="transition-level"
        >
          <p
            class="prev-level"
          >
            0
          </p>
          <i
            class="fas fa-chevron-right icon"
          />
          <p
            class="actual-level"
          >
            0
          </p>
        </div>
        <div
          class="button-content"
        >
          <button
            class="sc-bdnxRM gKMDmj"
            type="submit"
          >
            Keep working hard
          </button>
        </div>
      </div>
    </div>
  </div>,
  "debug": [Function],
  "findAllByAltText": [Function],
  "findAllByDisplayValue": [Function],
  "findAllByLabelText": [Function],
  "findAllByPlaceholderText": [Function],
  "findAllByRole": [Function],
  "findAllByTestId": [Function],
  "findAllByText": [Function],
  "findAllByTitle": [Function],
  "findByAltText": [Function],
  "findByDisplayValue": [Function],
  "findByLabelText": [Function],
  "findByPlaceholderText": [Function],
  "findByRole": [Function],
  "findByTestId": [Function],
  "findByText": [Function],
  "findByTitle": [Function],
  "getAllByAltText": [Function],
  "getAllByDisplayValue": [Function],
  "getAllByLabelText": [Function],
  "getAllByPlaceholderText": [Function],
  "getAllByRole": [Function],
  "getAllByTestId": [Function],
  "getAllByText": [Function],
  "getAllByTitle": [Function],
  "getByAltText": [Function],
  "getByDisplayValue": [Function],
  "getByLabelText": [Function],
  "getByPlaceholderText": [Function],
  "getByRole": [Function],
  "getByTestId": [Function],
  "getByText": [Function],
  "getByTitle": [Function],
  "queryAllByAltText": [Function],
  "queryAllByDisplayValue": [Function],
  "queryAllByLabelText": [Function],
  "queryAllByPlaceholderText": [Function],
  "queryAllByRole": [Function],
  "queryAllByTestId": [Function],
  "queryAllByText": [Function],
  "queryAllByTitle": [Function],
  "queryByAltText": [Function],
  "queryByDisplayValue": [Function],
  "queryByLabelText": [Function],
  "queryByPlaceholderText": [Function],
  "queryByRole": [Function],
  "queryByTestId": [Function],
  "queryByText": [Function],
  "queryByTitle": [Function],
  "rerender": [Function],
  "unmount": [Function],
}
`;
